
======================== Test Session Starts ========================
platform linux -- Python 3.x.x, pytest-7.x.x, pluggy-1.x.x
rootdir: /mnt/data/Library-Management-System
collected 4 items

tests/test_library.py ....                                       [100%]

========================= 4 passed in 0.03s =========================

Test Coverage Report:
- library.py: 100% covered
